// Jest Snapshot v1, https://goo.gl/fbAQLP

exports[`Comments All fields are written as expected 1`] = `
"<?xml version=\\"1.0\\" encoding=\\"UTF-8\\" ?>

<!-- This is a WordPress eXtended RSS file generated by the \\"Free (as in Speech)\\" browser extension, as an export of your site. -->
<!-- It contains information about your site's posts, pages, comments, categories, and other content. -->
<!-- You may use this file to transfer that content from one site to another. -->
<!-- This file is not intended to serve as a complete backup of your site. -->

<!-- To import this information into a WordPress site follow these steps: -->
<!-- 1. Log in to that site as an administrator. -->
<!-- 2. Go to Tools: Import in the WordPress admin panel. -->
<!-- 3. Install the \\"WordPress\\" importer from the list. -->
<!-- 4. Activate & Run Importer. -->
<!-- 5. Upload this file using the form provided on that page. -->
<!-- 6. You will first be asked to map the authors in this export file to users -->
<!--    on the site. For each author, you may choose to map to an -->
<!--    existing user on the site or to create a new user. -->
<!-- 7. WordPress will then import each of the posts, pages, comments, categories, etc. -->
<!--    contained in this file into your site. -->

<rss version=\\"2.0\\"
	xmlns:excerpt=\\"http://wordpress.org/export/1.3/excerpt/\\"
	xmlns:content=\\"http://purl.org/rss/1.0/modules/content/\\"
	xmlns:wfw=\\"http://wellformedweb.org/CommentAPI/\\"
	xmlns:dc=\\"http://purl.org/dc/elements/1.1/\\"
	xmlns:wp=\\"http://wordpress.org/export/1.3/\\"
>
<channel>
	<item>
		<title><![CDATA[A Post Title]]></title>
		<description></description>
		<wp:comment_status><![CDATA[open]]></wp:comment_status>
		<wp:is_sticky>0</wp:is_sticky>
		<wp:comment>
			<wp:comment_id>1234</wp:comment_id>
			<wp:comment_author><![CDATA[pento]]></wp:comment_author>
			<wp:comment_author_email><![CDATA[notme@wordpress.org]]></wp:comment_author_email>
			<wp:comment_author_url><![CDATA[https://pento.net]]></wp:comment_author_url>
			<wp:comment_author_IP><![CDATA[127.0.0.1]]></wp:comment_author_IP>
			<wp:comment_date><![CDATA[1970-01-01 00:00:10]]></wp:comment_date>
			<wp:comment_date_gmt><![CDATA[1970-01-01 00:00:11]]></wp:comment_date_gmt>
			<wp:comment_content><![CDATA[This is good content. Plz subscribe me.]]></wp:comment_content>
			<wp:comment_approved><![CDATA[trash]]></wp:comment_approved>
			<wp:comment_type><![CDATA[pingback]]></wp:comment_type>
			<wp:comment_user_id>5</wp:comment_user_id>
			<wp:commentmeta>
				<wp:meta_key>who?</wp:meta_key>
				<wp:meta_value>what?</wp:meta_value>
			</wp:commentmeta>
		</wp:comment>
	</item>
</channel>
</rss>"
`;
